Removed Pin From Net: NetName=GNDA Pin=C1-2
Removed Pin From Net: NetName=GNDA Pin=R6-1
Removed Pin From Net: NetName=GNDA Pin=R11-1
Removed Pin From Net: NetName=GNDA Pin=R13-1
Removed Pin From Net: NetName=GNDA Pin=R16-2
Removed Pin From Net: NetName=GNDA Pin=R19-1
Add Component: Footprint Not Found IC: SOIC 8
Add Component: Footprint Not Found IC: SOIC 8
Add Component: Footprint Not Found IND: SM-LP-5001E
Add Component: Footprint Not Found IND: SM-LP-5001E
Add Component: Footprint Not Found RES: SMD 0805 MD IPC 782
Add Component: Footprint Not Found RES: SMD 0805 MD IPC 782
Add Component: Footprint Not Found RES: SMD 0805 MD IPC 782
Add Component: Footprint Not Found RES: SMD 0805 MD IPC 782
Add Component: Footprint Not Found RES: SMD 0805 MD IPC 782
Add Component: Footprint Not Found RES: SMD 0805 MD IPC 782
Add Component: Footprint Not Found RES: SMD 0805 MD IPC 782
Add Component: Footprint Not Found RES: SMD 0805 MD IPC 782
Add Component: Footprint Not Found RES: SMD 0805 MD IPC 782
Add Component: Footprint Not Found RES: SMD 0805 MD IPC 782
Add Component: Footprint Not Found RES: SMD 0805 MD IPC 782
Add Component: Footprint Not Found RES: SMD 0805 MD IPC 782
Add Component: Footprint Not Found RES: SMD 0805 MD IPC 782
Add Component: Footprint Not Found RES: SMD 0805 MD IPC 782
Add Component: Footprint Not Found RES: SMD 0805 MD IPC 782
Add Component: Footprint Not Found RES: SMD 0805 MD IPC 782
Add Pin To Net: Unknown Pin: Pin R16_Current1-2
Add Pin To Net: Unknown Pin: Pin R16_Current2-2
Add Pin To Net: Unknown Pin: Pin R19_Current1-1
Add Pin To Net: Unknown Pin: Pin R19_Current2-1
Added Net: Name=NetDA2_Current1_1
Added Net: Name=NetDA2_Current1_2
Added Net: Name=NetDA2_Current1_3
Added Net: Name=NetDA2_Current2_1
Added Net: Name=NetDA2_Current2_2
Added Net: Name=NetDA2_Current2_3
Added Net: Name=NetL1_Current1_3
Added Net: Name=NetL1_Current1_4
Added Net: Name=NetL1_Current1_6
Added Net: Name=NetL1_Current2_3
Added Net: Name=NetL1_Current2_4
Added Net: Name=NetL1_Current2_6
Added Net: Name=NetR18_Current1_1
Added Net: Name=NetR18_Current2_1
Added Class: Name=Current1
Added Class: Name=Current2
Added Class: Name=Current
