Removed Pin From Net: NetName=NetDA?_1 Pin=DA?-1
Removed Pin From Net: NetName=-12 Pin=DA?-4
Removed Pin From Net: NetName=+12 Pin=DA?-8
Change Component Designator: OldDesignator=C? NewDesignator=C1
Change Component Designator: OldDesignator=C? NewDesignator=C2
Change Component Designator: OldDesignator=DA? NewDesignator=DA1
Change Component Designator: OldDesignator=DA? NewDesignator=DA2
Change Component Designator: OldDesignator=L? NewDesignator=L1
Change Component Designator: OldDesignator=R? NewDesignator=R1
Change Component Designator: OldDesignator=R? NewDesignator=R2
Change Component Designator: OldDesignator=R? NewDesignator=R3
Change Component Designator: OldDesignator=R? NewDesignator=R4
Change Component Designator: OldDesignator=R? NewDesignator=R5
Change Component Designator: OldDesignator=R? NewDesignator=R6
Change Component Designator: OldDesignator=R? NewDesignator=R7
Change Component Designator: OldDesignator=R? NewDesignator=R8
Change Component Designator: OldDesignator=R? NewDesignator=R9
Change Component Designator: OldDesignator=R? NewDesignator=R10
Change Component Designator: OldDesignator=R? NewDesignator=R11
Change Component Designator: OldDesignator=R? NewDesignator=R12
Change Component Designator: OldDesignator=R? NewDesignator=R13
Change Component Designator: OldDesignator=R? NewDesignator=R14
Change Component Designator: OldDesignator=R? NewDesignator=R15
Change Component Designator: OldDesignator=R? NewDesignator=R16
Change Component Designator: OldDesignator=R? NewDesignator=R17
Change Component Designator: OldDesignator=R? NewDesignator=R18
Change Component Designator: OldDesignator=R? NewDesignator=R19
Change Component Designator: OldDesignator=R? NewDesignator=R20
Change Component Designator: OldDesignator=R? NewDesignator=R21
Change Component Designator: OldDesignator=R? NewDesignator=R22
Change Component Designator: OldDesignator=SUM? NewDesignator=SUM1
Change Component Designator: OldDesignator=TP? NewDesignator=TP1
Change Component Designator: OldDesignator=TP? NewDesignator=TP2
Change Component Designator: OldDesignator=TP? NewDesignator=TP3
Change Component Designator: OldDesignator=X? NewDesignator=X1
Added Pin To Net: NetName=NetDA?_1 Pin=DA1-1
Added Pin To Net: NetName=-12 Pin=DA1-4
Added Pin To Net: NetName=+12 Pin=DA1-8
Change Net Name : Old Net Name=NetC?_1 New Net Name=NetC2_1
Change Net Name : Old Net Name=NetDA?_1 New Net Name=NetDA1_1
Change Net Name : Old Net Name=NetDA?_2 New Net Name=NetDA2_2
Change Net Name : Old Net Name=NetDA?_3 New Net Name=NetDA2_3
Change Net Name : Old Net Name=NetDA?_6 New Net Name=NetDA1_6
Change Net Name : Old Net Name=NetDA?_7 New Net Name=NetDA1_7
Change Net Name : Old Net Name=NetL?_3 New Net Name=NetL1_3
Change Net Name : Old Net Name=NetL?_4 New Net Name=NetL1_4
Change Net Name : Old Net Name=NetL?_6 New Net Name=NetL1_6
Change Net Name : Old Net Name=NetR?_1 New Net Name=NetR5_1
Added Pin To Net: NetName=NetC1_1 Pin=C1-1
Added Pin To Net: NetName=NetC1_1 Pin=C2-2
Added Pin To Net: NetName=NetC1_1 Pin=R10-2
Added Pin To Net: NetName=NetC1_1 Pin=SUM1-1
Added Net: Name=NetC1_1
Added Pin To Net: NetName=NetDA1_2 Pin=DA1-2
Added Pin To Net: NetName=NetDA1_2 Pin=R7-2
Added Pin To Net: NetName=NetDA1_2 Pin=R9-1
Added Net: Name=NetDA1_2
Added Pin To Net: NetName=NetDA1_3 Pin=DA1-3
Added Pin To Net: NetName=NetDA1_3 Pin=R1-2
Added Pin To Net: NetName=NetDA1_3 Pin=R2-2
Added Pin To Net: NetName=NetDA1_3 Pin=R3-2
Added Pin To Net: NetName=NetDA1_3 Pin=R4-2
Added Pin To Net: NetName=NetDA1_3 Pin=R8-2
Added Pin To Net: NetName=NetDA1_3 Pin=TP2-1
Added Net: Name=NetDA1_3
Added Pin To Net: NetName=NetDA2_1 Pin=DA2-1
Added Pin To Net: NetName=NetDA2_1 Pin=R17-1
Added Pin To Net: NetName=NetDA2_1 Pin=R22-1
Added Net: Name=NetDA2_1
Added Pin To Net: NetName=NetR18_1 Pin=R18-1
Added Pin To Net: NetName=NetR18_1 Pin=R22-2
Added Net: Name=NetR18_1
Added Member To Class: ClassName=Curr_and_Meas Member=Component C1 6.8n 50V 0805 ±5%
Added Member To Class: ClassName=Curr_and_Meas Member=Component DA2 AD8028
Added Member To Class: ClassName=Curr_and_Meas Member=Component R1 680 ±1% 0603
Added Member To Class: ClassName=Curr_and_Meas Member=Component R2 680 ±1% 0603
Added Member To Class: ClassName=Curr_and_Meas Member=Component R3 680 ±1% 0603
Added Member To Class: ClassName=Curr_and_Meas Member=Component R4 680 ±1% 0603
Added Member To Class: ClassName=Curr_and_Meas Member=Component R5 0 ±1% 0805
Added Member To Class: ClassName=Curr_and_Meas Member=Component R6 0 ±1% 0805
Added Member To Class: ClassName=Curr_and_Meas Member=Component R7 1k ±1% 0603
Added Member To Class: ClassName=Curr_and_Meas Member=Component R8 1k ±1% 0603
Added Member To Class: ClassName=Curr_and_Meas Member=Component R9 3k ±1% 0603
Added Member To Class: ClassName=Curr_and_Meas Member=Component R10 200 ±1% 0603
Added Member To Class: ClassName=Curr_and_Meas Member=Component R11 1k ±1% 0805
Added Member To Class: ClassName=Curr_and_Meas Member=Component R12 0 ±1% 0805
Added Member To Class: ClassName=Curr_and_Meas Member=Component R14 7.5k ±1% 0805
Added Member To Class: ClassName=Curr_and_Meas Member=Component R15 2k ±1% 0805
Added Member To Class: ClassName=Curr_and_Meas Member=Component R16 2k ±1% 0805
Added Member To Class: ClassName=Curr_and_Meas Member=Component R17 2k ±1% 0805
Added Member To Class: ClassName=Curr_and_Meas Member=Component R18 1k ±1% 0805
Added Member To Class: ClassName=Curr_and_Meas Member=Component R19 0 ±1% 0805
Added Member To Class: ClassName=Curr_and_Meas Member=Component R20 0 ±1% 0805
Added Member To Class: ClassName=Curr_and_Meas Member=Component R21 0 ±1% 0805
Added Member To Class: ClassName=Curr_and_Meas Member=Component R22 1k ±1% 0805
Added Member To Class: ClassName=Curr_and_Meas Member=Component TP1 Test point
Added Member To Class: ClassName=Curr_and_Meas Member=Component TP2 Test point
